// Jest Snapshot v1, https://goo.gl/fbAQLP

exports[`component Test renders correctly 1`] = `<div />`;
